Archive member included to satisfy reference by file (symbol)

C:/esp/Lab1_hello_world/build/bootloader/main\libmain.a(bootloader_start.o)
                              (call_start_cpu)
C:/esp/Lab1_hello_world/build/bootloader/bootloader_support\libbootloader_support.a(bootloader_init.o)
                              C:/esp/Lab1_hello_world/build/bootloader/main\libmain.a(bootloader_start.o) (bootloader_init)
C:/esp/Lab1_hello_world/build/bootloader/bootloader_support\libbootloader_support.a(bootloader_utility.o)
                              C:/esp/Lab1_hello_world/build/bootloader/main\libmain.a(bootloader_start.o) (bootloader_utility_load_partition_table)
C:/esp/Lab1_hello_world/build/bootloader/bootloader_support\libbootloader_support.a(esp_image_format.o)
                              C:/esp/Lab1_hello_world/build/bootloader/bootloader_support\libbootloader_support.a(bootloader_utility.o) (esp_image_load)
C:/esp/Lab1_hello_world/build/bootloader/bootloader_support\libbootloader_support.a(flash_partitions.o)
                              C:/esp/Lab1_hello_world/build/bootloader/bootloader_support\libbootloader_support.a(bootloader_utility.o) (esp_partition_table_basic_verify)
C:/esp/Lab1_hello_world/build/bootloader/bootloader_support\libbootloader_support.a(bootloader_common.o)
                              C:/esp/Lab1_hello_world/build/bootloader/bootloader_support\libbootloader_support.a(bootloader_utility.o) (bootloader_common_ota_select_valid)
C:/esp/Lab1_hello_world/build/bootloader/bootloader_support\libbootloader_support.a(bootloader_flash.o)
                              C:/esp/Lab1_hello_world/build/bootloader/bootloader_support\libbootloader_support.a(bootloader_utility.o) (bootloader_mmap)
C:/esp/Lab1_hello_world/build/bootloader/spi_flash\libspi_flash.a(spi_flash.o)
                              C:/esp/Lab1_hello_world/build/bootloader/bootloader_support\libbootloader_support.a(flash_partitions.o) (g_rom_flashchip)
C:/esp/Lab1_hello_world/build/bootloader/spi_flash\libspi_flash.a(spi_flash_raw.o)
                              C:/esp/Lab1_hello_world/build/bootloader/spi_flash\libspi_flash.a(spi_flash.o) (spi_flash_get_id_raw)
C:/esp/Lab1_hello_world/build/bootloader/log\liblog.a(log.o)
                              C:/esp/Lab1_hello_world/build/bootloader/bootloader_support\libbootloader_support.a(bootloader_common.o) (esp_log_early_timestamp)
C:/esp/Lab1_hello_world/build/bootloader/esp8266\libesp8266.a(ets_printf.o)
                              C:/esp/Lab1_hello_world/build/bootloader/log\liblog.a(log.o) (ets_vprintf)
C:/esp/Lab1_hello_world/build/bootloader/esp8266\libesp8266.a(crc.o)
                              C:/esp/Lab1_hello_world/build/bootloader/bootloader_support\libbootloader_support.a(bootloader_common.o) (crc32_le)
C:/esp/Lab1_hello_world/build/bootloader/esp8266\libesp8266.a(esp_fast_boot.o)
                              C:/esp/Lab1_hello_world/build/bootloader/bootloader_support\libbootloader_support.a(bootloader_utility.o) (esp_fast_boot_get_info)
C:/esp/ESP8266_RTOS_SDK/components/esp8266/lib\libcore.a(phy.o)
                              C:/esp/Lab1_hello_world/build/bootloader/bootloader_support\libbootloader_support.a(bootloader_init.o) (phy_reg_default)
C:/esp/ESP8266_RTOS_SDK/components/esp8266/lib\libcore.a(uart.o)
                              C:/esp/Lab1_hello_world/build/bootloader/bootloader_support\libbootloader_support.a(bootloader_init.o) (uart_div_modify)

Allocating common symbols
Common symbol       size              file

esp_image_spi_freq_t
                    0x4               C:/esp/Lab1_hello_world/build/bootloader/main\libmain.a(bootloader_start.o)

Discarded input sections

 .text          0x00000000        0x0 C:/esp/Lab1_hello_world/build/bootloader/main\libmain.a(bootloader_start.o)
 .data          0x00000000        0x0 C:/esp/Lab1_hello_world/build/bootloader/main\libmain.a(bootloader_start.o)
 .bss           0x00000000        0x0 C:/esp/Lab1_hello_world/build/bootloader/main\libmain.a(bootloader_start.o)
 .xt.lit        0x00000000       0x18 C:/esp/Lab1_hello_world/build/bootloader/main\libmain.a(bootloader_start.o)
 .xt.prop       0x00000000       0xe4 C:/esp/Lab1_hello_world/build/bootloader/main\libmain.a(bootloader_start.o)
 COMMON         0x00000000        0x4 C:/esp/Lab1_hello_world/build/bootloader/main\libmain.a(bootloader_start.o)
 .text          0x00000000        0x0 C:/esp/Lab1_hello_world/build/bootloader/bootloader_support\libbootloader_support.a(bootloader_init.o)
 .data          0x00000000        0x0 C:/esp/Lab1_hello_world/build/bootloader/bootloader_support\libbootloader_support.a(bootloader_init.o)
 .bss           0x00000000        0x0 C:/esp/Lab1_hello_world/build/bootloader/bootloader_support\libbootloader_support.a(bootloader_init.o)
 .xt.lit        0x00000000       0x28 C:/esp/Lab1_hello_world/build/bootloader/bootloader_support\libbootloader_support.a(bootloader_init.o)
 .xt.prop       0x00000000      0x240 C:/esp/Lab1_hello_world/build/bootloader/bootloader_support\libbootloader_support.a(bootloader_init.o)
 .literal.bootloader_utility_fast_boot_image
                0x00000000        0x8 C:/esp/Lab1_hello_world/build/bootloader/bootloader_support\libbootloader_support.a(bootloader_utility.o)
 .text          0x00000000        0x0 C:/esp/Lab1_hello_world/build/bootloader/bootloader_support\libbootloader_support.a(bootloader_utility.o)
 .data          0x00000000        0x0 C:/esp/Lab1_hello_world/build/bootloader/bootloader_support\libbootloader_support.a(bootloader_utility.o)
 .bss           0x00000000        0x0 C:/esp/Lab1_hello_world/build/bootloader/bootloader_support\libbootloader_support.a(bootloader_utility.o)
 .text.bootloader_utility_fast_boot_image
                0x00000000       0x27 C:/esp/Lab1_hello_world/build/bootloader/bootloader_support\libbootloader_support.a(bootloader_utility.o)
 .xt.lit        0x00000000       0x40 C:/esp/Lab1_hello_world/build/bootloader/bootloader_support\libbootloader_support.a(bootloader_utility.o)
 .xt.prop       0x00000000      0x510 C:/esp/Lab1_hello_world/build/bootloader/bootloader_support\libbootloader_support.a(bootloader_utility.o)
 .literal.esp_image_verify_bootloader
                0x00000000        0x8 C:/esp/Lab1_hello_world/build/bootloader/bootloader_support\libbootloader_support.a(esp_image_format.o)
 .text          0x00000000        0x0 C:/esp/Lab1_hello_world/build/bootloader/bootloader_support\libbootloader_support.a(esp_image_format.o)
 .data          0x00000000        0x0 C:/esp/Lab1_hello_world/build/bootloader/bootloader_support\libbootloader_support.a(esp_image_format.o)
 .bss           0x00000000        0x0 C:/esp/Lab1_hello_world/build/bootloader/bootloader_support\libbootloader_support.a(esp_image_format.o)
 .text.esp_image_verify_bootloader
                0x00000000       0x41 C:/esp/Lab1_hello_world/build/bootloader/bootloader_support\libbootloader_support.a(esp_image_format.o)
 .xt.lit        0x00000000       0x40 C:/esp/Lab1_hello_world/build/bootloader/bootloader_support\libbootloader_support.a(esp_image_format.o)
 .xt.prop       0x00000000      0x3e4 C:/esp/Lab1_hello_world/build/bootloader/bootloader_support\libbootloader_support.a(esp_image_format.o)
 .text          0x00000000        0x0 C:/esp/Lab1_hello_world/build/bootloader/bootloader_support\libbootloader_support.a(flash_partitions.o)
 .data          0x00000000        0x0 C:/esp/Lab1_hello_world/build/bootloader/bootloader_support\libbootloader_support.a(flash_partitions.o)
 .bss           0x00000000        0x0 C:/esp/Lab1_hello_world/build/bootloader/bootloader_support\libbootloader_support.a(flash_partitions.o)
 .xt.lit        0x00000000        0x8 C:/esp/Lab1_hello_world/build/bootloader/bootloader_support\libbootloader_support.a(flash_partitions.o)
 .xt.prop       0x00000000       0xcc C:/esp/Lab1_hello_world/build/bootloader/bootloader_support\libbootloader_support.a(flash_partitions.o)
 .literal.bootloader_common_check_long_hold_gpio
                0x00000000       0x58 C:/esp/Lab1_hello_world/build/bootloader/bootloader_support\libbootloader_support.a(bootloader_common.o)
 .text          0x00000000        0x0 C:/esp/Lab1_hello_world/build/bootloader/bootloader_support\libbootloader_support.a(bootloader_common.o)
 .data          0x00000000        0x0 C:/esp/Lab1_hello_world/build/bootloader/bootloader_support\libbootloader_support.a(bootloader_common.o)
 .bss           0x00000000        0x0 C:/esp/Lab1_hello_world/build/bootloader/bootloader_support\libbootloader_support.a(bootloader_common.o)
 .text.bootloader_common_check_long_hold_gpio
                0x00000000      0x230 C:/esp/Lab1_hello_world/build/bootloader/bootloader_support\libbootloader_support.a(bootloader_common.o)
 .xt.lit        0x00000000       0x18 C:/esp/Lab1_hello_world/build/bootloader/bootloader_support\libbootloader_support.a(bootloader_common.o)
 .xt.prop       0x00000000      0x420 C:/esp/Lab1_hello_world/build/bootloader/bootloader_support\libbootloader_support.a(bootloader_common.o)
 .literal.bootloader_flash_write
                0x00000000       0x28 C:/esp/Lab1_hello_world/build/bootloader/bootloader_support\libbootloader_support.a(bootloader_flash.o)
 .literal.bootloader_flash_erase_sector
                0x00000000        0x4 C:/esp/Lab1_hello_world/build/bootloader/bootloader_support\libbootloader_support.a(bootloader_flash.o)
 .text          0x00000000        0x0 C:/esp/Lab1_hello_world/build/bootloader/bootloader_support\libbootloader_support.a(bootloader_flash.o)
 .data          0x00000000        0x0 C:/esp/Lab1_hello_world/build/bootloader/bootloader_support\libbootloader_support.a(bootloader_flash.o)
 .bss           0x00000000        0x0 C:/esp/Lab1_hello_world/build/bootloader/bootloader_support\libbootloader_support.a(bootloader_flash.o)
 .rodata.bootloader_flash_write.str1.4
                0x00000000       0xa7 C:/esp/Lab1_hello_world/build/bootloader/bootloader_support\libbootloader_support.a(bootloader_flash.o)
 .text.bootloader_flash_write
                0x00000000       0x9d C:/esp/Lab1_hello_world/build/bootloader/bootloader_support\libbootloader_support.a(bootloader_flash.o)
 .text.bootloader_flash_erase_sector
                0x00000000       0x15 C:/esp/Lab1_hello_world/build/bootloader/bootloader_support\libbootloader_support.a(bootloader_flash.o)
 .xt.lit        0x00000000       0x30 C:/esp/Lab1_hello_world/build/bootloader/bootloader_support\libbootloader_support.a(bootloader_flash.o)
 .xt.prop       0x00000000      0x258 C:/esp/Lab1_hello_world/build/bootloader/bootloader_support\libbootloader_support.a(bootloader_flash.o)
 .literal.spi_flash_program
                0x00000000       0x20 C:/esp/Lab1_hello_world/build/bootloader/spi_flash\libspi_flash.a(spi_flash.o)
 .literal.__spi_flash_write
                0x00000000        0x8 C:/esp/Lab1_hello_world/build/bootloader/spi_flash\libspi_flash.a(spi_flash.o)
 .literal.__spi_flash_read
                0x00000000       0x10 C:/esp/Lab1_hello_world/build/bootloader/spi_flash\libspi_flash.a(spi_flash.o)
 .literal.spi_flash_write_status
                0x00000000        0xc C:/esp/Lab1_hello_world/build/bootloader/spi_flash\libspi_flash.a(spi_flash.o)
 .literal.spi_flash_check_wr_protect
                0x00000000       0x4c C:/esp/Lab1_hello_world/build/bootloader/spi_flash\libspi_flash.a(spi_flash.o)
 .literal.spi_flash_erase_sector
                0x00000000       0x18 C:/esp/Lab1_hello_world/build/bootloader/spi_flash\libspi_flash.a(spi_flash.o)
 .literal.spi_flash_read
                0x00000000       0x24 C:/esp/Lab1_hello_world/build/bootloader/spi_flash\libspi_flash.a(spi_flash.o)
 .literal.spi_flash_write
                0x00000000       0x3c C:/esp/Lab1_hello_world/build/bootloader/spi_flash\libspi_flash.a(spi_flash.o)
 .literal.spi_flash_erase_range
                0x00000000       0x10 C:/esp/Lab1_hello_world/build/bootloader/spi_flash\libspi_flash.a(spi_flash.o)
 .literal.spi_flash_cache2phys
                0x00000000       0x18 C:/esp/Lab1_hello_world/build/bootloader/spi_flash\libspi_flash.a(spi_flash.o)
 .literal.spi_flash_get_chip_size
                0x00000000        0x4 C:/esp/Lab1_hello_world/build/bootloader/spi_flash\libspi_flash.a(spi_flash.o)
 .text          0x00000000        0x0 C:/esp/Lab1_hello_world/build/bootloader/spi_flash\libspi_flash.a(spi_flash.o)
 .data          0x00000000        0x0 C:/esp/Lab1_hello_world/build/bootloader/spi_flash\libspi_flash.a(spi_flash.o)
 .bss           0x00000000        0x0 C:/esp/Lab1_hello_world/build/bootloader/spi_flash\libspi_flash.a(spi_flash.o)
 .text.spi_flash_program
                0x00000000       0xd8 C:/esp/Lab1_hello_world/build/bootloader/spi_flash\libspi_flash.a(spi_flash.o)
 .text.__spi_flash_write
                0x00000000       0x23 C:/esp/Lab1_hello_world/build/bootloader/spi_flash\libspi_flash.a(spi_flash.o)
 .text.__spi_flash_read
                0x00000000       0x31 C:/esp/Lab1_hello_world/build/bootloader/spi_flash\libspi_flash.a(spi_flash.o)
 .text.spi_flash_write_status
                0x00000000       0x2a C:/esp/Lab1_hello_world/build/bootloader/spi_flash\libspi_flash.a(spi_flash.o)
 .text.spi_flash_check_wr_protect
                0x00000000      0x165 C:/esp/Lab1_hello_world/build/bootloader/spi_flash\libspi_flash.a(spi_flash.o)
 .text.spi_flash_erase_sector
                0x00000000       0x56 C:/esp/Lab1_hello_world/build/bootloader/spi_flash\libspi_flash.a(spi_flash.o)
 .text.spi_flash_read
                0x00000000      0x109 C:/esp/Lab1_hello_world/build/bootloader/spi_flash\libspi_flash.a(spi_flash.o)
 .text.spi_flash_write
                0x00000000      0x176 C:/esp/Lab1_hello_world/build/bootloader/spi_flash\libspi_flash.a(spi_flash.o)
 .text.spi_flash_erase_range
                0x00000000       0x67 C:/esp/Lab1_hello_world/build/bootloader/spi_flash\libspi_flash.a(spi_flash.o)
 .text.spi_flash_cache2phys
                0x00000000       0x4e C:/esp/Lab1_hello_world/build/bootloader/spi_flash\libspi_flash.a(spi_flash.o)
 .text.spi_flash_get_chip_size
                0x00000000        0x7 C:/esp/Lab1_hello_world/build/bootloader/spi_flash\libspi_flash.a(spi_flash.o)
 .xt.lit        0x00000000       0xd0 C:/esp/Lab1_hello_world/build/bootloader/spi_flash\libspi_flash.a(spi_flash.o)
 .xt.prop       0x00000000      0xb04 C:/esp/Lab1_hello_world/build/bootloader/spi_flash\libspi_flash.a(spi_flash.o)
 .literal.spi_flash_write_status_raw
                0x00000000       0x1c C:/esp/Lab1_hello_world/build/bootloader/spi_flash\libspi_flash.a(spi_flash_raw.o)
 .literal.spi_flash_erase_sector_raw
                0x00000000       0x14 C:/esp/Lab1_hello_world/build/bootloader/spi_flash\libspi_flash.a(spi_flash_raw.o)
 .literal.spi_flash_write_raw
                0x00000000        0xc C:/esp/Lab1_hello_world/build/bootloader/spi_flash\libspi_flash.a(spi_flash_raw.o)
 .literal.spi_flash_read_raw
                0x00000000        0xc C:/esp/Lab1_hello_world/build/bootloader/spi_flash\libspi_flash.a(spi_flash_raw.o)
 .text          0x00000000        0x0 C:/esp/Lab1_hello_world/build/bootloader/spi_flash\libspi_flash.a(spi_flash_raw.o)
 .data          0x00000000        0x0 C:/esp/Lab1_hello_world/build/bootloader/spi_flash\libspi_flash.a(spi_flash_raw.o)
 .bss           0x00000000        0x0 C:/esp/Lab1_hello_world/build/bootloader/spi_flash\libspi_flash.a(spi_flash_raw.o)
 .text.spi_flash_write_status_raw
                0x00000000       0x5c C:/esp/Lab1_hello_world/build/bootloader/spi_flash\libspi_flash.a(spi_flash_raw.o)
 .text.spi_flash_erase_sector_raw
                0x00000000       0x50 C:/esp/Lab1_hello_world/build/bootloader/spi_flash\libspi_flash.a(spi_flash_raw.o)
 .text.spi_flash_write_raw
                0x00000000       0x43 C:/esp/Lab1_hello_world/build/bootloader/spi_flash\libspi_flash.a(spi_flash_raw.o)
 .text.spi_flash_read_raw
                0x00000000       0x43 C:/esp/Lab1_hello_world/build/bootloader/spi_flash\libspi_flash.a(spi_flash_raw.o)
 .xt.lit        0x00000000       0x58 C:/esp/Lab1_hello_world/build/bootloader/spi_flash\libspi_flash.a(spi_flash_raw.o)
 .xt.prop       0x00000000      0x348 C:/esp/Lab1_hello_world/build/bootloader/spi_flash\libspi_flash.a(spi_flash_raw.o)
 .text          0x00000000        0x0 C:/esp/Lab1_hello_world/build/bootloader/log\liblog.a(log.o)
 .data          0x00000000        0x0 C:/esp/Lab1_hello_world/build/bootloader/log\liblog.a(log.o)
 .bss           0x00000000        0x0 C:/esp/Lab1_hello_world/build/bootloader/log\liblog.a(log.o)
 .xt.lit        0x00000000       0x10 C:/esp/Lab1_hello_world/build/bootloader/log\liblog.a(log.o)
 .xt.prop       0x00000000       0xcc C:/esp/Lab1_hello_world/build/bootloader/log\liblog.a(log.o)
 .text          0x00000000        0x0 C:/esp/Lab1_hello_world/build/bootloader/esp8266\libesp8266.a(ets_printf.o)
 .data          0x00000000        0x0 C:/esp/Lab1_hello_world/build/bootloader/esp8266\libesp8266.a(ets_printf.o)
 .bss           0x00000000        0x0 C:/esp/Lab1_hello_world/build/bootloader/esp8266\libesp8266.a(ets_printf.o)
 .xt.lit        0x00000000       0x20 C:/esp/Lab1_hello_world/build/bootloader/esp8266\libesp8266.a(ets_printf.o)
 .xt.prop       0x00000000       0xe4 C:/esp/Lab1_hello_world/build/bootloader/esp8266\libesp8266.a(ets_printf.o)
 .literal.crc16_le
                0x00000000        0x4 C:/esp/Lab1_hello_world/build/bootloader/esp8266\libesp8266.a(crc.o)
 .literal.esp_crc8
                0x00000000        0x4 C:/esp/Lab1_hello_world/build/bootloader/esp8266\libesp8266.a(crc.o)
 .text          0x00000000        0x0 C:/esp/Lab1_hello_world/build/bootloader/esp8266\libesp8266.a(crc.o)
 .data          0x00000000        0x0 C:/esp/Lab1_hello_world/build/bootloader/esp8266\libesp8266.a(crc.o)
 .bss           0x00000000        0x0 C:/esp/Lab1_hello_world/build/bootloader/esp8266\libesp8266.a(crc.o)
 .text.crc16_le
                0x00000000       0x3b C:/esp/Lab1_hello_world/build/bootloader/esp8266\libesp8266.a(crc.o)
 .text.esp_crc8
                0x00000000       0x21 C:/esp/Lab1_hello_world/build/bootloader/esp8266\libesp8266.a(crc.o)
 .rodata.crc8_le_table
                0x00000000      0x100 C:/esp/Lab1_hello_world/build/bootloader/esp8266\libesp8266.a(crc.o)
 .rodata.crc16_le_table
                0x00000000      0x200 C:/esp/Lab1_hello_world/build/bootloader/esp8266\libesp8266.a(crc.o)
 .xt.lit        0x00000000       0x18 C:/esp/Lab1_hello_world/build/bootloader/esp8266\libesp8266.a(crc.o)
 .xt.prop       0x00000000       0xfc C:/esp/Lab1_hello_world/build/bootloader/esp8266\libesp8266.a(crc.o)
 .literal.esp_fast_boot_disable
                0x00000000        0x4 C:/esp/Lab1_hello_world/build/bootloader/esp8266\libesp8266.a(esp_fast_boot.o)
 .literal.esp_fast_boot_get_info
                0x00000000       0x2c C:/esp/Lab1_hello_world/build/bootloader/esp8266\libesp8266.a(esp_fast_boot.o)
 .literal.esp_fast_boot_print_info
                0x00000000       0x2c C:/esp/Lab1_hello_world/build/bootloader/esp8266\libesp8266.a(esp_fast_boot.o)
 .text          0x00000000        0x0 C:/esp/Lab1_hello_world/build/bootloader/esp8266\libesp8266.a(esp_fast_boot.o)
 .data          0x00000000        0x0 C:/esp/Lab1_hello_world/build/bootloader/esp8266\libesp8266.a(esp_fast_boot.o)
 .bss           0x00000000        0x0 C:/esp/Lab1_hello_world/build/bootloader/esp8266\libesp8266.a(esp_fast_boot.o)
 .text.esp_fast_boot_disable
                0x00000000       0x11 C:/esp/Lab1_hello_world/build/bootloader/esp8266\libesp8266.a(esp_fast_boot.o)
 .rodata.esp_fast_boot_get_info.str1.4
                0x00000000       0x24 C:/esp/Lab1_hello_world/build/bootloader/esp8266\libesp8266.a(esp_fast_boot.o)
 .text.esp_fast_boot_get_info
                0x00000000       0x86 C:/esp/Lab1_hello_world/build/bootloader/esp8266\libesp8266.a(esp_fast_boot.o)
 .rodata.esp_fast_boot_print_info.str1.4
                0x00000000       0x59 C:/esp/Lab1_hello_world/build/bootloader/esp8266\libesp8266.a(esp_fast_boot.o)
 .text.esp_fast_boot_print_info
                0x00000000       0x4d C:/esp/Lab1_hello_world/build/bootloader/esp8266\libesp8266.a(esp_fast_boot.o)
 .debug_frame   0x00000000       0x68 C:/esp/Lab1_hello_world/build/bootloader/esp8266\libesp8266.a(esp_fast_boot.o)
 .debug_info    0x00000000      0xbcf C:/esp/Lab1_hello_world/build/bootloader/esp8266\libesp8266.a(esp_fast_boot.o)
 .debug_abbrev  0x00000000      0x251 C:/esp/Lab1_hello_world/build/bootloader/esp8266\libesp8266.a(esp_fast_boot.o)
 .debug_loc     0x00000000       0xb0 C:/esp/Lab1_hello_world/build/bootloader/esp8266\libesp8266.a(esp_fast_boot.o)
 .debug_aranges
                0x00000000       0x30 C:/esp/Lab1_hello_world/build/bootloader/esp8266\libesp8266.a(esp_fast_boot.o)
 .debug_ranges  0x00000000       0x20 C:/esp/Lab1_hello_world/build/bootloader/esp8266\libesp8266.a(esp_fast_boot.o)
 .debug_line    0x00000000      0x536 C:/esp/Lab1_hello_world/build/bootloader/esp8266\libesp8266.a(esp_fast_boot.o)
 .debug_str     0x00000000      0x6f7 C:/esp/Lab1_hello_world/build/bootloader/esp8266\libesp8266.a(esp_fast_boot.o)
 .comment       0x00000000       0x32 C:/esp/Lab1_hello_world/build/bootloader/esp8266\libesp8266.a(esp_fast_boot.o)
 .xt.lit        0x00000000       0x18 C:/esp/Lab1_hello_world/build/bootloader/esp8266\libesp8266.a(esp_fast_boot.o)
 .xt.prop       0x00000000       0xc0 C:/esp/Lab1_hello_world/build/bootloader/esp8266\libesp8266.a(esp_fast_boot.o)
 .literal.phy_reg_default
                0x00000000        0x0 C:/esp/ESP8266_RTOS_SDK/components/esp8266/lib\libcore.a(phy.o)
 .text          0x00000000        0x0 C:/esp/ESP8266_RTOS_SDK/components/esp8266/lib\libcore.a(phy.o)
 .data          0x00000000        0x0 C:/esp/ESP8266_RTOS_SDK/components/esp8266/lib\libcore.a(phy.o)
 .bss           0x00000000        0x0 C:/esp/ESP8266_RTOS_SDK/components/esp8266/lib\libcore.a(phy.o)
 .xt.lit        0x00000000        0x8 C:/esp/ESP8266_RTOS_SDK/components/esp8266/lib\libcore.a(phy.o)
 .xt.prop       0x00000000       0x48 C:/esp/ESP8266_RTOS_SDK/components/esp8266/lib\libcore.a(phy.o)
 .literal.uart_buff_switch
                0x00000000        0x0 C:/esp/ESP8266_RTOS_SDK/components/esp8266/lib\libcore.a(uart.o)
 .literal.uart_div_modify
                0x00000000        0x0 C:/esp/ESP8266_RTOS_SDK/components/esp8266/lib\libcore.a(uart.o)
 .literal.Uart_Init
                0x00000000        0x0 C:/esp/ESP8266_RTOS_SDK/components/esp8266/lib\libcore.a(uart.o)
 .text          0x00000000        0x0 C:/esp/ESP8266_RTOS_SDK/components/esp8266/lib\libcore.a(uart.o)
 .data          0x00000000        0x0 C:/esp/ESP8266_RTOS_SDK/components/esp8266/lib\libcore.a(uart.o)
 .bss           0x00000000        0x0 C:/esp/ESP8266_RTOS_SDK/components/esp8266/lib\libcore.a(uart.o)
 .text.uart_buff_switch
                0x00000000        0x2 C:/esp/ESP8266_RTOS_SDK/components/esp8266/lib\libcore.a(uart.o)
 .text.Uart_Init
                0x00000000        0x2 C:/esp/ESP8266_RTOS_SDK/components/esp8266/lib\libcore.a(uart.o)
 .xt.lit        0x00000000        0x8 C:/esp/ESP8266_RTOS_SDK/components/esp8266/lib\libcore.a(uart.o)
 .xt.prop       0x00000000       0x78 C:/esp/ESP8266_RTOS_SDK/components/esp8266/lib\libcore.a(uart.o)

Memory Configuration

Name             Origin             Length             Attributes
dport0_seg       0x3ff00000         0x00000010
dram_seg         0x3ffe8000         0x00017c00
iram_seg         0x40100000         0x00008000
*default*        0x00000000         0xffffffff

Linker script and memory map

START GROUP
LOAD C:/esp/Lab1_hello_world/build/bootloader/main\libmain.a
LOAD C:/esp/ESP8266_RTOS_SDK/components/esp8266/lib\libcore.a
LOAD C:/esp/Lab1_hello_world/build/bootloader/bootloader_support\libbootloader_support.a
LOAD C:/esp/Lab1_hello_world/build/bootloader/spi_flash\libspi_flash.a
LOAD C:/esp/Lab1_hello_world/build/bootloader/log\liblog.a
LOAD C:/esp/Lab1_hello_world/build/bootloader/esp8266\libesp8266.a
LOAD C:/esp/ESP8266_RTOS_SDK/components/esp8266/lib\libgcc.a
LOAD c:/users/user/.espressif/tools/xtensa-lx106-elf/esp-2020r3-49-gd5524c1-8.4.0/xtensa-lx106-elf/bin/../lib/gcc/xtensa-lx106-elf/8.4.0/../../../../xtensa-lx106-elf/lib\libstdc++.a
LOAD c:/users/user/.espressif/tools/xtensa-lx106-elf/esp-2020r3-49-gd5524c1-8.4.0/xtensa-lx106-elf/bin/../lib/gcc/xtensa-lx106-elf/8.4.0\libgcov.a
END GROUP

.text           0x40100000     0x1bdd
                0x40100000                _stext = .
                0x40100000                _text_start = ABSOLUTE (.)
                0x40100000                . = ALIGN (0x10)
 *(.entry.text)
 *(.init.literal)
 *(.init)
 *(.literal .text .literal.* .text.* .stub .gnu.warning .gnu.linkonce.literal.* .gnu.linkonce.t.*.literal .gnu.linkonce.t.*)
 .literal.selected_boot_partition
                0x40100000        0x0 C:/esp/Lab1_hello_world/build/bootloader/main\libmain.a(bootloader_start.o)
                                  0x4 (size before relaxing)
 .literal.select_image
                0x40100000        0xc C:/esp/Lab1_hello_world/build/bootloader/main\libmain.a(bootloader_start.o)
                                 0x1c (size before relaxing)
 .literal.call_start_cpu
                0x4010000c        0x0 C:/esp/Lab1_hello_world/build/bootloader/main\libmain.a(bootloader_start.o)
                                  0xc (size before relaxing)
 .literal.print_flash_info
                0x4010000c       0x48 C:/esp/Lab1_hello_world/build/bootloader/bootloader_support\libbootloader_support.a(bootloader_init.o)
                                 0x54 (size before relaxing)
 .literal.uart_console_configure
                0x40100054        0x0 C:/esp/Lab1_hello_world/build/bootloader/bootloader_support\libbootloader_support.a(bootloader_init.o)
                                  0x4 (size before relaxing)
 .literal.update_flash_config
                0x40100054        0x4 C:/esp/Lab1_hello_world/build/bootloader/bootloader_support\libbootloader_support.a(bootloader_init.o)
                                  0x8 (size before relaxing)
 .literal.bootloader_main
                0x40100058       0x10 C:/esp/Lab1_hello_world/build/bootloader/bootloader_support\libbootloader_support.a(bootloader_init.o)
                                 0x34 (size before relaxing)
 .literal.bootloader_init
                0x40100068        0x8 C:/esp/Lab1_hello_world/build/bootloader/bootloader_support\libbootloader_support.a(bootloader_init.o)
                                 0x10 (size before relaxing)
 .literal.bootloader_utility_start_image
                0x40100070        0x0 C:/esp/Lab1_hello_world/build/bootloader/bootloader_support\libbootloader_support.a(bootloader_utility.o)
                                  0x4 (size before relaxing)
 .literal.log_invalid_app_partition
                0x40100070       0x14 C:/esp/Lab1_hello_world/build/bootloader/bootloader_support\libbootloader_support.a(bootloader_utility.o)
                                 0x20 (size before relaxing)
 .literal.try_load_partition
                0x40100084        0x4 C:/esp/Lab1_hello_world/build/bootloader/bootloader_support\libbootloader_support.a(bootloader_utility.o)
                                 0x10 (size before relaxing)
 .literal.bootloader_utility_load_partition_table
                0x40100088       0x4c C:/esp/Lab1_hello_world/build/bootloader/bootloader_support\libbootloader_support.a(bootloader_utility.o)
                                 0x74 (size before relaxing)
 .literal.bootloader_utility_get_selected_boot_partition
                0x401000d4       0x1c C:/esp/Lab1_hello_world/build/bootloader/bootloader_support\libbootloader_support.a(bootloader_utility.o)
                                 0x5c (size before relaxing)
 .literal.bootloader_utility_load_boot_image
                0x401000f0        0xc C:/esp/Lab1_hello_world/build/bootloader/bootloader_support\libbootloader_support.a(bootloader_utility.o)
                                 0x40 (size before relaxing)
 .literal.bootloader_utility_load_image
                0x401000fc        0x0 C:/esp/Lab1_hello_world/build/bootloader/bootloader_support\libbootloader_support.a(bootloader_utility.o)
                                  0x4 (size before relaxing)
 .literal.should_map
                0x401000fc        0x8 C:/esp/Lab1_hello_world/build/bootloader/bootloader_support\libbootloader_support.a(esp_image_format.o)
 .literal.should_load
                0x40100104        0x0 C:/esp/Lab1_hello_world/build/bootloader/bootloader_support\libbootloader_support.a(esp_image_format.o)
                                  0x4 (size before relaxing)
 .literal.verify_image_header
                0x40100104       0x14 C:/esp/Lab1_hello_world/build/bootloader/bootloader_support\libbootloader_support.a(esp_image_format.o)
                                 0x20 (size before relaxing)
 .literal.process_segment_data
                0x40100118        0x8 C:/esp/Lab1_hello_world/build/bootloader/bootloader_support\libbootloader_support.a(esp_image_format.o)
                                 0x14 (size before relaxing)
 .literal.verify_checksum
                0x40100120        0x8 C:/esp/Lab1_hello_world/build/bootloader/bootloader_support\libbootloader_support.a(esp_image_format.o)
                                 0x1c (size before relaxing)
 .literal.process_segment
                0x40100128       0x18 C:/esp/Lab1_hello_world/build/bootloader/bootloader_support\libbootloader_support.a(esp_image_format.o)
                                 0x40 (size before relaxing)
 .literal.esp_image_load
                0x40100140       0x14 C:/esp/Lab1_hello_world/build/bootloader/bootloader_support\libbootloader_support.a(esp_image_format.o)
                                 0x44 (size before relaxing)
 .literal.esp_partition_table_basic_verify
                0x40100154       0x1c C:/esp/Lab1_hello_world/build/bootloader/bootloader_support\libbootloader_support.a(flash_partitions.o)
                                 0x2c (size before relaxing)
 .literal.bootloader_common_ota_select_crc
                0x40100170        0x0 C:/esp/Lab1_hello_world/build/bootloader/bootloader_support\libbootloader_support.a(bootloader_common.o)
                                  0x4 (size before relaxing)
 .literal.bootloader_common_ota_select_valid
                0x40100170        0x0 C:/esp/Lab1_hello_world/build/bootloader/bootloader_support\libbootloader_support.a(bootloader_common.o)
                                  0x4 (size before relaxing)
 .literal.bootloader_flash_read_no_decrypt
                0x40100170        0x4 C:/esp/Lab1_hello_world/build/bootloader/bootloader_support\libbootloader_support.a(bootloader_flash.o)
 .literal.bootloader_mmap
                0x40100174       0x30 C:/esp/Lab1_hello_world/build/bootloader/bootloader_support\libbootloader_support.a(bootloader_flash.o)
                                 0x3c (size before relaxing)
 .literal.bootloader_munmap
                0x401001a4        0x0 C:/esp/Lab1_hello_world/build/bootloader/bootloader_support\libbootloader_support.a(bootloader_flash.o)
                                  0x8 (size before relaxing)
 .literal.bootloader_flash_read
                0x401001a4        0xc C:/esp/Lab1_hello_world/build/bootloader/bootloader_support\libbootloader_support.a(bootloader_flash.o)
                                 0x20 (size before relaxing)
 .literal.spi_user_cmd
                0x401001b0        0x4 C:/esp/Lab1_hello_world/build/bootloader/spi_flash\libspi_flash.a(spi_flash.o)
                                  0xc (size before relaxing)
 .literal.special_flash_read_status
                0x401001b4        0x0 C:/esp/Lab1_hello_world/build/bootloader/spi_flash\libspi_flash.a(spi_flash.o)
                                  0x4 (size before relaxing)
 .literal.flash_gd25q32c_read_status
                0x401001b4        0x0 C:/esp/Lab1_hello_world/build/bootloader/spi_flash\libspi_flash.a(spi_flash.o)
                                  0x4 (size before relaxing)
 .literal.special_flash_write_status
                0x401001b4        0x0 C:/esp/Lab1_hello_world/build/bootloader/spi_flash\libspi_flash.a(spi_flash.o)
                                  0x8 (size before relaxing)
 .literal.spi_flash_enable_qio_bit6
                0x401001b4        0x0 C:/esp/Lab1_hello_world/build/bootloader/spi_flash\libspi_flash.a(spi_flash.o)
                                  0x4 (size before relaxing)
 .literal.flash_gd25q32c_write_status
                0x401001b4        0x0 C:/esp/Lab1_hello_world/build/bootloader/spi_flash\libspi_flash.a(spi_flash.o)
                                  0x4 (size before relaxing)
 .literal.flash_gd25q32c_enable_QIO_mode
                0x401001b4        0x0 C:/esp/Lab1_hello_world/build/bootloader/spi_flash\libspi_flash.a(spi_flash.o)
                                  0xc (size before relaxing)
 .literal.en25q16x_read_sfdp
                0x401001b4        0x4 C:/esp/Lab1_hello_world/build/bootloader/spi_flash\libspi_flash.a(spi_flash.o)
                                  0x8 (size before relaxing)
 .literal.spi_flash_get_id
                0x401001b8        0x0 C:/esp/Lab1_hello_world/build/bootloader/spi_flash\libspi_flash.a(spi_flash.o)
                                  0xc (size before relaxing)
 .literal.spi_flash_read_status
                0x401001b8        0x0 C:/esp/Lab1_hello_world/build/bootloader/spi_flash\libspi_flash.a(spi_flash.o)
                                  0xc (size before relaxing)
 .literal.spi_flash_issi_enable_QIO_mode
                0x401001b8        0x0 C:/esp/Lab1_hello_world/build/bootloader/spi_flash\libspi_flash.a(spi_flash.o)
                                  0xc (size before relaxing)
 .literal.special_flash_set_mode
                0x401001b8        0x0 C:/esp/Lab1_hello_world/build/bootloader/spi_flash\libspi_flash.a(spi_flash.o)
                                  0x8 (size before relaxing)
 .literal.en25q16x_write_volatile_status
                0x401001b8        0x0 C:/esp/Lab1_hello_world/build/bootloader/spi_flash\libspi_flash.a(spi_flash.o)
                                 0x14 (size before relaxing)
 .literal.user_spi_flash_dio_to_qio_pre_init
                0x401001b8        0xc C:/esp/Lab1_hello_world/build/bootloader/spi_flash\libspi_flash.a(spi_flash.o)
                                 0x30 (size before relaxing)
 .literal.esp_spi_flash_init
                0x401001c4       0x20 C:/esp/Lab1_hello_world/build/bootloader/spi_flash\libspi_flash.a(spi_flash.o)
                                 0x28 (size before relaxing)
 .literal.Cache_Read_Disable_2
                0x401001e4        0xc C:/esp/Lab1_hello_world/build/bootloader/spi_flash\libspi_flash.a(spi_flash_raw.o)
                                 0x10 (size before relaxing)
 .literal.Cache_Read_Enable_2
                0x401001f0        0x4 C:/esp/Lab1_hello_world/build/bootloader/spi_flash\libspi_flash.a(spi_flash_raw.o)
                                  0xc (size before relaxing)
 .literal.spi_flash_get_id_raw
                0x401001f4       0x10 C:/esp/Lab1_hello_world/build/bootloader/spi_flash\libspi_flash.a(spi_flash_raw.o)
                                 0x1c (size before relaxing)
 .literal.spi_flash_read_status_raw
                0x40100204        0x4 C:/esp/Lab1_hello_world/build/bootloader/spi_flash\libspi_flash.a(spi_flash_raw.o)
                                  0xc (size before relaxing)
 .literal.spi_flash_enable_qmode_raw
                0x40100208        0x4 C:/esp/Lab1_hello_world/build/bootloader/spi_flash\libspi_flash.a(spi_flash_raw.o)
                                 0x10 (size before relaxing)
 .literal.spi_user_cmd_raw
                0x4010020c       0x64 C:/esp/Lab1_hello_world/build/bootloader/spi_flash\libspi_flash.a(spi_flash_raw.o)
                                 0x8c (size before relaxing)
 .literal.spi_flash_switch_to_qio_raw
                0x40100270        0x8 C:/esp/Lab1_hello_world/build/bootloader/spi_flash\libspi_flash.a(spi_flash_raw.o)
                                  0xc (size before relaxing)
 .literal.uart_putc
                0x40100278        0x8 C:/esp/Lab1_hello_world/build/bootloader/esp8266\libesp8266.a(ets_printf.o)
 .literal.ets_putc
                0x40100280        0x0 C:/esp/Lab1_hello_world/build/bootloader/esp8266\libesp8266.a(ets_printf.o)
                                  0x8 (size before relaxing)
 .literal.ets_vprintf
                0x40100280        0x8 C:/esp/Lab1_hello_world/build/bootloader/esp8266\libesp8266.a(ets_printf.o)
 .literal.crc32_le
                0x40100288        0x4 C:/esp/Lab1_hello_world/build/bootloader/esp8266\libesp8266.a(crc.o)
 .iram1.0.literal
                0x4010028c        0x8 C:/esp/Lab1_hello_world/build/bootloader/log\liblog.a(log.o)
 .iram1.1.literal
                0x40100294       0x18 C:/esp/Lab1_hello_world/build/bootloader/log\liblog.a(log.o)
                                 0x30 (size before relaxing)
 .iram1.0.literal
                0x401002ac        0x0 C:/esp/Lab1_hello_world/build/bootloader/esp8266\libesp8266.a(ets_printf.o)
                                  0x8 (size before relaxing)
 .text.selected_boot_partition
                0x401002ac        0xf C:/esp/Lab1_hello_world/build/bootloader/main\libmain.a(bootloader_start.o)
                                 0x13 (size before relaxing)
 *fill*         0x401002bb        0x1 
 .text.select_image
                0x401002bc       0x68 C:/esp/Lab1_hello_world/build/bootloader/main\libmain.a(bootloader_start.o)
                                 0x70 (size before relaxing)
 .text.call_start_cpu
                0x40100324       0x26 C:/esp/Lab1_hello_world/build/bootloader/main\libmain.a(bootloader_start.o)
                                 0x2e (size before relaxing)
                0x40100324                call_start_cpu
 *fill*         0x4010034a        0x2 
 .text.print_flash_info
                0x4010034c       0xc7 C:/esp/Lab1_hello_world/build/bootloader/bootloader_support\libbootloader_support.a(bootloader_init.o)
                                 0xcb (size before relaxing)
 *fill*         0x40100413        0x1 
 .text.uart_console_configure
                0x40100414       0x17 C:/esp/Lab1_hello_world/build/bootloader/bootloader_support\libbootloader_support.a(bootloader_init.o)
 *fill*         0x4010042b        0x1 
 .text.update_flash_config
                0x4010042c       0x21 C:/esp/Lab1_hello_world/build/bootloader/bootloader_support\libbootloader_support.a(bootloader_init.o)
 *fill*         0x4010044d        0x3 
 .text.bootloader_main
                0x40100450       0x61 C:/esp/Lab1_hello_world/build/bootloader/bootloader_support\libbootloader_support.a(bootloader_init.o)
                                 0x79 (size before relaxing)
 *fill*         0x401004b1        0x3 
 .text.bootloader_init
                0x401004b4       0x25 C:/esp/Lab1_hello_world/build/bootloader/bootloader_support\libbootloader_support.a(bootloader_init.o)
                                 0x29 (size before relaxing)
                0x401004b4                bootloader_init
 *fill*         0x401004d9        0x3 
 .text.bootloader_utility_start_image
                0x401004dc       0x20 C:/esp/Lab1_hello_world/build/bootloader/bootloader_support\libbootloader_support.a(bootloader_utility.o)
                                 0x24 (size before relaxing)
 .text.log_invalid_app_partition
                0x401004fc       0x4b C:/esp/Lab1_hello_world/build/bootloader/bootloader_support\libbootloader_support.a(bootloader_utility.o)
                                 0x53 (size before relaxing)
 *fill*         0x40100547        0x1 
 .text.try_load_partition
                0x40100548       0x3d C:/esp/Lab1_hello_world/build/bootloader/bootloader_support\libbootloader_support.a(bootloader_utility.o)
                                 0x41 (size before relaxing)
 *fill*         0x40100585        0x3 
 .text.bootloader_utility_load_partition_table
                0x40100588      0x170 C:/esp/Lab1_hello_world/build/bootloader/bootloader_support\libbootloader_support.a(bootloader_utility.o)
                                0x184 (size before relaxing)
                0x40100588                bootloader_utility_load_partition_table
 .text.bootloader_utility_get_selected_boot_partition
                0x401006f8      0x13c C:/esp/Lab1_hello_world/build/bootloader/bootloader_support\libbootloader_support.a(bootloader_utility.o)
                                0x14c (size before relaxing)
                0x401006f8                bootloader_utility_get_selected_boot_partition
 .text.bootloader_utility_load_boot_image
                0x40100834       0xd6 C:/esp/Lab1_hello_world/build/bootloader/bootloader_support\libbootloader_support.a(bootloader_utility.o)
                                 0xfa (size before relaxing)
                0x40100834                bootloader_utility_load_boot_image
 *fill*         0x4010090a        0x2 
 .text.bootloader_utility_load_image
                0x4010090c       0x19 C:/esp/Lab1_hello_world/build/bootloader/bootloader_support\libbootloader_support.a(bootloader_utility.o)
                0x4010090c                bootloader_utility_load_image
 *fill*         0x40100925        0x3 
 .text.should_map
                0x40100928       0x15 C:/esp/Lab1_hello_world/build/bootloader/bootloader_support\libbootloader_support.a(esp_image_format.o)
 *fill*         0x4010093d        0x3 
 .text.should_load
                0x40100940       0x19 C:/esp/Lab1_hello_world/build/bootloader/bootloader_support\libbootloader_support.a(esp_image_format.o)
                                 0x1d (size before relaxing)
 *fill*         0x40100959        0x3 
 .text.verify_image_header
                0x4010095c       0x7d C:/esp/Lab1_hello_world/build/bootloader/bootloader_support\libbootloader_support.a(esp_image_format.o)
                                 0x85 (size before relaxing)
 *fill*         0x401009d9        0x3 
 .text.process_segment_data
                0x401009dc       0x89 C:/esp/Lab1_hello_world/build/bootloader/bootloader_support\libbootloader_support.a(esp_image_format.o)
                                 0x91 (size before relaxing)
 *fill*         0x40100a65        0x3 
 .text.verify_checksum
                0x40100a68       0x9c C:/esp/Lab1_hello_world/build/bootloader/bootloader_support\libbootloader_support.a(esp_image_format.o)
                                 0xa0 (size before relaxing)
 .text.process_segment
                0x40100b04      0x10b C:/esp/Lab1_hello_world/build/bootloader/bootloader_support\libbootloader_support.a(esp_image_format.o)
                                0x117 (size before relaxing)
 *fill*         0x40100c0f        0x1 
 .text.esp_image_load
                0x40100c10      0x18d C:/esp/Lab1_hello_world/build/bootloader/bootloader_support\libbootloader_support.a(esp_image_format.o)
                                0x1a5 (size before relaxing)
                0x40100c10                esp_image_load
 *fill*         0x40100d9d        0x3 
 .text.esp_partition_table_basic_verify
                0x40100da0       0xd7 C:/esp/Lab1_hello_world/build/bootloader/bootloader_support\libbootloader_support.a(flash_partitions.o)
                0x40100da0                esp_partition_table_basic_verify
 *fill*         0x40100e77        0x1 
 .text.bootloader_common_ota_select_crc
                0x40100e78       0x18 C:/esp/Lab1_hello_world/build/bootloader/bootloader_support\libbootloader_support.a(bootloader_common.o)
                0x40100e78                bootloader_common_ota_select_crc
 .text.bootloader_common_ota_select_valid
                0x40100e90       0x2c C:/esp/Lab1_hello_world/build/bootloader/bootloader_support\libbootloader_support.a(bootloader_common.o)
                0x40100e90                bootloader_common_ota_select_valid
 .text.bootloader_flash_read_no_decrypt
                0x40100ebc       0x15 C:/esp/Lab1_hello_world/build/bootloader/bootloader_support\libbootloader_support.a(bootloader_flash.o)
 *fill*         0x40100ed1        0x3 
 .text.bootloader_mmap
                0x40100ed4       0xa6 C:/esp/Lab1_hello_world/build/bootloader/bootloader_support\libbootloader_support.a(bootloader_flash.o)
                                 0xaa (size before relaxing)
                0x40100ed4                bootloader_mmap
 *fill*         0x40100f7a        0x2 
 .text.bootloader_munmap
                0x40100f7c       0x23 C:/esp/Lab1_hello_world/build/bootloader/bootloader_support\libbootloader_support.a(bootloader_flash.o)
                0x40100f7c                bootloader_munmap
 *fill*         0x40100f9f        0x1 
 .text.bootloader_flash_read
                0x40100fa0       0x60 C:/esp/Lab1_hello_world/build/bootloader/bootloader_support\libbootloader_support.a(bootloader_flash.o)
                                 0x63 (size before relaxing)
                0x40100fa0                bootloader_flash_read
 *fill*         0x40101000        0x0 
 .text.spi_user_cmd
                0x40101000       0x4d C:/esp/Lab1_hello_world/build/bootloader/spi_flash\libspi_flash.a(spi_flash.o)
                0x40101000                spi_user_cmd
 *fill*         0x4010104d        0x3 
 .text.special_flash_read_status
                0x40101050       0x39 C:/esp/Lab1_hello_world/build/bootloader/spi_flash\libspi_flash.a(spi_flash.o)
                                 0x3d (size before relaxing)
                0x40101050                special_flash_read_status
 *fill*         0x40101089        0x3 
 .text.flash_gd25q32c_read_status
                0x4010108c       0x33 C:/esp/Lab1_hello_world/build/bootloader/spi_flash\libspi_flash.a(spi_flash.o)
 *fill*         0x401010bf        0x1 
 .text.special_flash_write_status
                0x401010c0       0x5c C:/esp/Lab1_hello_world/build/bootloader/spi_flash\libspi_flash.a(spi_flash.o)
                                 0x60 (size before relaxing)
                0x401010c0                special_flash_write_status
 .text.spi_flash_enable_qio_bit6
                0x4010111c       0x17 C:/esp/Lab1_hello_world/build/bootloader/spi_flash\libspi_flash.a(spi_flash.o)
                                 0x1b (size before relaxing)
 *fill*         0x40101133        0x1 
 .text.flash_gd25q32c_write_status
                0x40101134       0x30 C:/esp/Lab1_hello_world/build/bootloader/spi_flash\libspi_flash.a(spi_flash.o)
 .text.flash_gd25q32c_enable_QIO_mode
                0x40101164       0x3e C:/esp/Lab1_hello_world/build/bootloader/spi_flash\libspi_flash.a(spi_flash.o)
                                 0x46 (size before relaxing)
 *fill*         0x401011a2        0x2 
 .text.en25q16x_read_sfdp
                0x401011a4       0x43 C:/esp/Lab1_hello_world/build/bootloader/spi_flash\libspi_flash.a(spi_flash.o)
                0x401011a4                en25q16x_read_sfdp
 *fill*         0x401011e7        0x1 
 .text.spi_flash_get_id
                0x401011e8       0x26 C:/esp/Lab1_hello_world/build/bootloader/spi_flash\libspi_flash.a(spi_flash.o)
                0x401011e8                spi_flash_get_id
 *fill*         0x4010120e        0x2 
 .text.spi_flash_read_status
                0x40101210       0x28 C:/esp/Lab1_hello_world/build/bootloader/spi_flash\libspi_flash.a(spi_flash.o)
                0x40101210                spi_flash_read_status
 .text.spi_flash_issi_enable_QIO_mode
                0x40101238       0x43 C:/esp/Lab1_hello_world/build/bootloader/spi_flash\libspi_flash.a(spi_flash.o)
                                 0x4b (size before relaxing)
 *fill*         0x4010127b        0x1 
 .text.special_flash_set_mode
                0x4010127c       0x41 C:/esp/Lab1_hello_world/build/bootloader/spi_flash\libspi_flash.a(spi_flash.o)
                                 0x45 (size before relaxing)
                0x4010127c                special_flash_set_mode
 *fill*         0x401012bd        0x3 
 .text.en25q16x_write_volatile_status
                0x401012c0       0x4f C:/esp/Lab1_hello_world/build/bootloader/spi_flash\libspi_flash.a(spi_flash.o)
                                 0x5b (size before relaxing)
                0x401012c0                en25q16x_write_volatile_status
 *fill*         0x4010130f        0x1 
 .text.user_spi_flash_dio_to_qio_pre_init
                0x40101310       0x95 C:/esp/Lab1_hello_world/build/bootloader/spi_flash\libspi_flash.a(spi_flash.o)
                                 0xa1 (size before relaxing)
                0x40101310                user_spi_flash_dio_to_qio_pre_init
 *fill*         0x401013a5        0x3 
 .text.esp_spi_flash_init
                0x401013a8       0xb9 C:/esp/Lab1_hello_world/build/bootloader/spi_flash\libspi_flash.a(spi_flash.o)
                                 0xc1 (size before relaxing)
                0x401013a8                esp_spi_flash_init
 *fill*         0x40101461        0x3 
 .text.Cache_Read_Disable_2
                0x40101464       0x34 C:/esp/Lab1_hello_world/build/bootloader/spi_flash\libspi_flash.a(spi_flash_raw.o)
                0x40101464                Cache_Read_Disable_2
 .text.Cache_Read_Enable_2
                0x40101498       0x28 C:/esp/Lab1_hello_world/build/bootloader/spi_flash\libspi_flash.a(spi_flash_raw.o)
                0x40101498                Cache_Read_Enable_2
                0x40101498                Cache_Read_Enable_New
 .text.spi_flash_get_id_raw
                0x401014c0       0x57 C:/esp/Lab1_hello_world/build/bootloader/spi_flash\libspi_flash.a(spi_flash_raw.o)
                0x401014c0                spi_flash_get_id_raw
 *fill*         0x40101517        0x1 
 .text.spi_flash_read_status_raw
                0x40101518       0x2f C:/esp/Lab1_hello_world/build/bootloader/spi_flash\libspi_flash.a(spi_flash_raw.o)
                                 0x33 (size before relaxing)
                0x40101518                spi_flash_read_status_raw
 *fill*         0x40101547        0x1 
 .text.spi_flash_enable_qmode_raw
                0x40101548       0x33 C:/esp/Lab1_hello_world/build/bootloader/spi_flash\libspi_flash.a(spi_flash_raw.o)
                                 0x37 (size before relaxing)
                0x40101548                spi_flash_enable_qmode_raw
 *fill*         0x4010157b        0x1 
 .text.spi_user_cmd_raw
                0x4010157c      0x3df C:/esp/Lab1_hello_world/build/bootloader/spi_flash\libspi_flash.a(spi_flash_raw.o)
                0x4010157c                spi_user_cmd_raw
 *fill*         0x4010195b        0x1 
 .text.spi_flash_switch_to_qio_raw
                0x4010195c       0x25 C:/esp/Lab1_hello_world/build/bootloader/spi_flash\libspi_flash.a(spi_flash_raw.o)
                0x4010195c                spi_flash_switch_to_qio_raw
 *fill*         0x40101981        0x3 
 .text.uart_putc
                0x40101984       0x1b C:/esp/Lab1_hello_world/build/bootloader/esp8266\libesp8266.a(ets_printf.o)
 *fill*         0x4010199f        0x1 
 .text.ets_putc
                0x401019a0       0x27 C:/esp/Lab1_hello_world/build/bootloader/esp8266\libesp8266.a(ets_printf.o)
                0x401019a0                ets_putc
 *fill*         0x401019c7        0x1 
 .text.ets_vprintf
                0x401019c8       0x1f C:/esp/Lab1_hello_world/build/bootloader/esp8266\libesp8266.a(ets_printf.o)
                0x401019c8                ets_vprintf
 *fill*         0x401019e7        0x1 
 .text.crc32_le
                0x401019e8       0x31 C:/esp/Lab1_hello_world/build/bootloader/esp8266\libesp8266.a(crc.o)
                0x401019e8                crc32_le
 *fill*         0x40101a19        0x3 
 .text.phy_reg_default
                0x40101a1c       0x36 C:/esp/ESP8266_RTOS_SDK/components/esp8266/lib\libcore.a(phy.o)
                0x40101a2c                phy_reg_default
 *fill*         0x40101a52        0x2 
 .text.uart_div_modify
                0x40101a54       0x50 C:/esp/ESP8266_RTOS_SDK/components/esp8266/lib\libcore.a(uart.o)
                0x40101a64                uart_div_modify
 *fill*         0x40101aa4        0x0 
 *fill*         0x40101aa4        0x0 
 *fill*         0x40101aa4        0x0 
 *fill*         0x40101aa4        0x0 
 *fill*         0x40101aa4        0x0 
 *fill*         0x40101aa4        0x0 
 *fill*         0x40101aa4        0x0 
 .text.index_to_partition
                0x40101aa4       0x4d C:/esp/Lab1_hello_world/build/bootloader/bootloader_support\libbootloader_support.a(bootloader_utility.o)
 *fill*         0x40101af1        0x0 
 *fill*         0x40101af1        0x0 
 *fill*         0x40101af1        0x0 
 *fill*         0x40101af1        0x0 
 *fill*         0x40101af1        0x3 
 .text.verify_segment_header
                0x40101af4        0x4 C:/esp/Lab1_hello_world/build/bootloader/bootloader_support\libbootloader_support.a(esp_image_format.o)
 *fill*         0x40101af8        0x0 
 *fill*         0x40101af8        0x0 
 *fill*         0x40101af8        0x0 
 *fill*         0x40101af8        0x0 
 *fill*         0x40101af8        0x0 
 *fill*         0x40101af8        0x0 
 *fill*         0x40101af8        0x0 
 *fill*         0x40101af8        0x0 
 *fill*         0x40101af8        0x0 
 *fill*         0x40101af8        0x0 
 *fill*         0x40101af8        0x0 
 *fill*         0x40101af8        0x0 
 *fill*         0x40101af8        0x0 
 *fill*         0x40101af8        0x0 
 *fill*         0x40101af8        0x0 
 *fill*         0x40101af8        0x0 
 *fill*         0x40101af8        0x0 
 *fill*         0x40101af8        0x0 
 *fill*         0x40101af8        0x0 
 *fill*         0x40101af8        0x0 
 *fill*         0x40101af8        0x0 
 *fill*         0x40101af8        0x0 
 *fill*         0x40101af8        0x0 
 *fill*         0x40101af8        0x0 
 *fill*         0x40101af8        0x0 
 *fill*         0x40101af8        0x0 
 *fill*         0x40101af8        0x0 
 *fill*         0x40101af8        0x0 
 *fill*         0x40101af8        0x0 
 *fill*         0x40101af8        0x0 
 *fill*         0x40101af8        0x0 
 *fill*         0x40101af8        0x0 
 *fill*         0x40101af8        0x0 
 *(.iram1 .iram1.*)
 .iram1.0       0x40101af8       0x18 C:/esp/Lab1_hello_world/build/bootloader/log\liblog.a(log.o)
                0x40101af8                esp_log_early_timestamp
 .iram1.1       0x40101b10       0x96 C:/esp/Lab1_hello_world/build/bootloader/log\liblog.a(log.o)
                                 0xa1 (size before relaxing)
                0x40101b10                esp_early_log_write
 *fill*         0x40101ba6        0x2 
 .iram1.0       0x40101ba8       0x35 C:/esp/Lab1_hello_world/build/bootloader/esp8266\libesp8266.a(ets_printf.o)
                                 0x39 (size before relaxing)
                0x40101ba8                ets_printf
 *fill*         0x40101bdd        0x0 
 *(.fini.literal)
 *(.fini)
 *(.gnu.version)
                0x40101bdd                _text_end = ABSOLUTE (.)
                0x40101bdd                _etext = .

.bss            0x3ffe8000      0x408
                0x3ffe8000                . = ALIGN (0x8)
                0x3ffe8000                _bss_start = ABSOLUTE (.)
 *(.dynsbss)
 *(.sbss)
 *(.sbss.*)
 *(.gnu.linkonce.sb.*)
 *(.scommon)
 *(.sbss2)
 *(.sbss2.*)
 *(.gnu.linkonce.sb2.*)
 *(.dynbss)
 *(.bss)
 *(.bss.*)
 .bss.pbuf$3623
                0x3ffe8000      0x400 C:/esp/Lab1_hello_world/build/bootloader/bootloader_support\libbootloader_support.a(esp_image_format.o)
 .bss.mapped    0x3ffe8400        0x1 C:/esp/Lab1_hello_world/build/bootloader/bootloader_support\libbootloader_support.a(bootloader_flash.o)
 .bss.FlashIsOnGoing
                0x3ffe8401        0x1 C:/esp/Lab1_hello_world/build/bootloader/spi_flash\libspi_flash.a(spi_flash.o)
                0x3ffe8401                FlashIsOnGoing
 *(.gnu.linkonce.b.*)
 *(COMMON)
                0x3ffe8408                . = ALIGN (0x8)
 *fill*         0x3ffe8402        0x6 
                0x3ffe8408                _bss_end = ABSOLUTE (.)

.data           0x3ffe8408       0x18
                0x3ffe8408                _data_start = ABSOLUTE (.)
 *(.data)
 *(.data.*)
 .data.g_rom_flashchip
                0x3ffe8408       0x18 C:/esp/Lab1_hello_world/build/bootloader/spi_flash\libspi_flash.a(spi_flash.o)
                0x3ffe8408                g_rom_flashchip
 *(.gnu.linkonce.d.*)
 *(.data1)
 *(.sdata)
 *(.sdata.*)
 *(.gnu.linkonce.s.*)
 *(.sdata2)
 *(.sdata2.*)
 *(.gnu.linkonce.s2.*)
 *(.jcr)
                0x3ffe8420                _data_end = ABSOLUTE (.)

.rodata         0x3ffe8420      0xd08
                0x3ffe8420                _rodata_start = ABSOLUTE (.)
 *(.rodata)
 *(.rodata.*)
 .rodata.select_image.str1.4
                0x3ffe8420       0x21 C:/esp/Lab1_hello_world/build/bootloader/main\libmain.a(bootloader_start.o)
 *fill*         0x3ffe8441        0x3 
 .rodata.print_flash_info.str1.4
                0x3ffe8444       0x88 C:/esp/Lab1_hello_world/build/bootloader/bootloader_support\libbootloader_support.a(bootloader_init.o)
                                 0x94 (size before relaxing)
 .rodata.print_flash_info
                0x3ffe84cc       0x28 C:/esp/Lab1_hello_world/build/bootloader/bootloader_support\libbootloader_support.a(bootloader_init.o)
 .rodata.bootloader_main.str1.4
                0x3ffe84f4       0x7a C:/esp/Lab1_hello_world/build/bootloader/bootloader_support\libbootloader_support.a(bootloader_init.o)
 *fill*         0x3ffe856e        0x2 
 .rodata.log_invalid_app_partition.str1.4
                0x3ffe8570       0x68 C:/esp/Lab1_hello_world/build/bootloader/bootloader_support\libbootloader_support.a(bootloader_utility.o)
                                 0x70 (size before relaxing)
 .rodata.try_load_partition.str1.4
                0x3ffe85d8       0x29 C:/esp/Lab1_hello_world/build/bootloader/bootloader_support\libbootloader_support.a(bootloader_utility.o)
 *fill*         0x3ffe8601        0x3 
 .rodata.bootloader_utility_load_partition_table.str1.4
                0x3ffe8604      0x137 C:/esp/Lab1_hello_world/build/bootloader/bootloader_support\libbootloader_support.a(bootloader_utility.o)
 *fill*         0x3ffe873b        0x1 
 .rodata.bootloader_utility_get_selected_boot_partition.str1.4
                0x3ffe873c       0xef C:/esp/Lab1_hello_world/build/bootloader/bootloader_support\libbootloader_support.a(bootloader_utility.o)
 *fill*         0x3ffe882b        0x1 
 .rodata.bootloader_utility_load_boot_image.str1.4
                0x3ffe882c       0x9a C:/esp/Lab1_hello_world/build/bootloader/bootloader_support\libbootloader_support.a(bootloader_utility.o)
 *fill*         0x3ffe88c6        0x2 
 .rodata.verify_image_header.str1.4
                0x3ffe88c8       0x82 C:/esp/Lab1_hello_world/build/bootloader/bootloader_support\libbootloader_support.a(esp_image_format.o)
 *fill*         0x3ffe894a        0x2 
 .rodata.process_segment_data.str1.4
                0x3ffe894c       0x27 C:/esp/Lab1_hello_world/build/bootloader/bootloader_support\libbootloader_support.a(esp_image_format.o)
 *fill*         0x3ffe8973        0x1 
 .rodata.verify_checksum.str1.4
                0x3ffe8974       0x57 C:/esp/Lab1_hello_world/build/bootloader/bootloader_support\libbootloader_support.a(esp_image_format.o)
 *fill*         0x3ffe89cb        0x1 
 .rodata.process_segment.str1.4
                0x3ffe89cc       0x8f C:/esp/Lab1_hello_world/build/bootloader/bootloader_support\libbootloader_support.a(esp_image_format.o)
                                 0x93 (size before relaxing)
 *fill*         0x3ffe8a5b        0x1 
 .rodata.esp_image_load.str1.4
                0x3ffe8a5c       0xaf C:/esp/Lab1_hello_world/build/bootloader/bootloader_support\libbootloader_support.a(esp_image_format.o)
 *fill*         0x3ffe8b0b        0x1 
 .rodata.esp_partition_table_basic_verify.str1.4
                0x3ffe8b0c       0xb4 C:/esp/Lab1_hello_world/build/bootloader/bootloader_support\libbootloader_support.a(flash_partitions.o)
 .rodata.bootloader_mmap.str1.4
                0x3ffe8bc0       0x57 C:/esp/Lab1_hello_world/build/bootloader/bootloader_support\libbootloader_support.a(bootloader_flash.o)
 *fill*         0x3ffe8c17        0x1 
 .rodata.bootloader_flash_read.str1.4
                0x3ffe8c18       0x9f C:/esp/Lab1_hello_world/build/bootloader/bootloader_support\libbootloader_support.a(bootloader_flash.o)
 *fill*         0x3ffe8cb7        0x1 
 .rodata.esp_spi_flash_init.str1.4
                0x3ffe8cb8       0x29 C:/esp/Lab1_hello_world/build/bootloader/spi_flash\libspi_flash.a(spi_flash.o)
 *fill*         0x3ffe8ce1        0x3 
 .rodata.str1.4
                0x3ffe8ce4       0x24 C:/esp/Lab1_hello_world/build/bootloader/log\liblog.a(log.o)
                                 0x22 (size before relaxing)
 .rodata.s_log_prefix
                0x3ffe8d08        0x6 C:/esp/Lab1_hello_world/build/bootloader/log\liblog.a(log.o)
 *fill*         0x3ffe8d0e        0x2 
 .rodata.s_log_color
                0x3ffe8d10       0x18 C:/esp/Lab1_hello_world/build/bootloader/log\liblog.a(log.o)
 .rodata.crc32_le_table
                0x3ffe8d28      0x400 C:/esp/Lab1_hello_world/build/bootloader/esp8266\libesp8266.a(crc.o)
 *(.gnu.linkonce.r.*)
 *(.rodata1)
                0x3ffe9128                __XT_EXCEPTION_TABLE_ = ABSOLUTE (.)
 *(.xt_except_table)
 *(.gcc_except_table)
 *(.gnu.linkonce.e.*)
 *(.gnu.version_r)
 *(.eh_frame)
                0x3ffe9128                . = ((. + 0x3) & 0xfffffffc)
                0x3ffe9128                __init_array_start = ABSOLUTE (.)
 *crtbegin.o(.ctors)
 *(EXCLUDE_FILE(*crtend.o) .ctors)
 *(SORT_BY_NAME(.ctors.*))
 *(.ctors)
                0x3ffe9128                __init_array_end = ABSOLUTE (.)
 *crtbegin.o(.dtors)
 *(EXCLUDE_FILE(*crtend.o) .dtors)
 *(SORT_BY_NAME(.dtors.*))
 *(.dtors)
                0x3ffe9128                __XT_EXCEPTION_DESCS_ = ABSOLUTE (.)
 *(.xt_except_desc)
 *(.gnu.linkonce.h.*)
                0x3ffe9128                __XT_EXCEPTION_DESCS_END__ = ABSOLUTE (.)
 *(.xt_except_desc_end)
 *(.dynamic)
 *(.gnu.version_d)
                0x3ffe9128                _rodata_end = ABSOLUTE (.)
                0x3ffe9128                _lit4_start = ABSOLUTE (.)
 *(*.lit4)
 *(.lit4.*)
 *(.gnu.linkonce.lit4.*)
                0x3ffe9128                _lit4_end = ABSOLUTE (.)
                0x3ffe9128                . = ALIGN (0x4)
                0x3ffe9128                _heap_start = ABSOLUTE (.)
                0x60001100                PROVIDE (rtc_sys_info = 0x60001100)
                0x400040c0                PROVIDE (SPI_sector_erase = 0x400040c0)
                0x40004174                PROVIDE (SPI_page_program = 0x40004174)
                0x400042ac                PROVIDE (SPI_read_data = 0x400042ac)
                0x400043c8                PROVIDE (SPI_read_status = 0x400043c8)
                0x40004400                PROVIDE (SPI_write_status = 0x40004400)
                0x4000443c                PROVIDE (SPI_write_enable = 0x4000443c)
                0x4000448c                PROVIDE (Wait_SPI_Idle = 0x4000448c)
                0x400044c0                PROVIDE (Enable_QMode = 0x400044c0)
                [!provide]                PROVIDE (Disable_QMode = 0x40004508)
                0x40004678                PROVIDE (Cache_Read_Enable = 0x40004678)
                0x400047f0                PROVIDE (Cache_Read_Disable = 0x400047f0)
                [!provide]                PROVIDE (lldesc_build_chain = 0x40004f40)
                [!provide]                PROVIDE (lldesc_num2link = 0x40005050)
                [!provide]                PROVIDE (lldesc_set_owner = 0x4000507c)
                0x4000c538                __adddf3 = 0x4000c538
                0x4000c180                __addsf3 = 0x4000c180
                0x4000cb94                __divdf3 = 0x4000cb94
                0x4000ce60                __divdi3 = 0x4000ce60
                0x4000dc88                __divsi3 = 0x4000dc88
                0x4000cdfc                __extendsfdf2 = 0x4000cdfc
                0x4000ccb8                __fixdfsi = 0x4000ccb8
                0x4000cd00                __fixunsdfsi = 0x4000cd00
                0x4000c4c4                __fixunssfsi = 0x4000c4c4
                0x4000e2f0                __floatsidf = 0x4000e2f0
                0x4000e2ac                __floatsisf = 0x4000e2ac
                0x4000e2e8                __floatunsidf = 0x4000e2e8
                0x4000e2a4                __floatunsisf = 0x4000e2a4
                0x4000c8f0                __muldf3 = 0x4000c8f0
                0x40000650                __muldi3 = 0x40000650
                0x4000c3dc                __mulsf3 = 0x4000c3dc
                0x4000c688                __subdf3 = 0x4000c688
                0x4000c268                __subsf3 = 0x4000c268
                0x4000cd5c                __truncdfsf2 = 0x4000cd5c
                0x4000d310                __udivdi3 = 0x4000d310
                0x4000e21c                __udivsi3 = 0x4000e21c
                0x4000d770                __umoddi3 = 0x4000d770
                0x4000e268                __umodsi3 = 0x4000e268
                0x4000dcf0                __umulsidi3 = 0x4000dcf0
                0x4000de84                bzero = 0x4000de84
                0x4000dea8                memcmp = 0x4000dea8
                0x4000df48                memcpy = 0x4000df48
                0x4000e04c                memmove = 0x4000e04c
                0x4000e190                memset = 0x4000e190
                0x4000bdc8                strcmp = 0x4000bdc8
                0x4000bec8                strcpy = 0x4000bec8
                0x4000bf4c                strlen = 0x4000bf4c
                0x4000bfa8                strncmp = 0x4000bfa8
                0x4000c0a0                strncpy = 0x4000c0a0
                0x4000e1e0                strstr = 0x4000e1e0
                0x40004cf0                PROVIDE (gpio_input_get = 0x40004cf0)
                [!provide]                PROVIDE (gpio_pin_wakeup_disable = 0x40004ed4)
                [!provide]                PROVIDE (gpio_pin_wakeup_enable = 0x40004e90)
                0x40001f00                PROVIDE (ets_io_vprintf = 0x40001f00)
                [!provide]                PROVIDE (uart_rx_one_char = 0x40003b8c)
                [!provide]                PROVIDE (rom_i2c_readReg = 0x40007268)
                [!provide]                PROVIDE (rom_i2c_readReg_Mask = 0x4000729c)
                [!provide]                PROVIDE (rom_i2c_writeReg = 0x400072d8)
                [!provide]                PROVIDE (rom_i2c_writeReg_Mask = 0x4000730c)
                [!provide]                PROVIDE (rom_software_reboot = 0x40000080)
                [!provide]                PROVIDE (ets_memcpy = 0x400018b4)
                0x40004b1c                PROVIDE (SPIRead = 0x40004b1c)
                0x40004a4c                PROVIDE (SPIWrite = 0x40004a4c)
                0x40004a00                PROVIDE (SPIEraseSector = 0x40004a00)
                [!provide]                PROVIDE (gpio_input_get = 0x40004cf0)
                [!provide]                PROVIDE (xthal_get_ccount = 0x4000dd38)
                [!provide]                PROVIDE (uart_div_modify = 0x400039d8)
                [!provide]                PROVIDE (ets_io_vprintf = 0x40001f00)
OUTPUT(C:/esp/Lab1_hello_world/build/bootloader/bootloader.elf elf32-xtensa-le)

.debug_frame    0x00000000      0xb00
 .debug_frame   0x00000000       0x74 C:/esp/Lab1_hello_world/build/bootloader/main\libmain.a(bootloader_start.o)
 .debug_frame   0x00000074       0xb4 C:/esp/Lab1_hello_world/build/bootloader/bootloader_support\libbootloader_support.a(bootloader_init.o)
 .debug_frame   0x00000128      0x140 C:/esp/Lab1_hello_world/build/bootloader/bootloader_support\libbootloader_support.a(bootloader_utility.o)
 .debug_frame   0x00000268      0x13c C:/esp/Lab1_hello_world/build/bootloader/bootloader_support\libbootloader_support.a(esp_image_format.o)
 .debug_frame   0x000003a4       0x38 C:/esp/Lab1_hello_world/build/bootloader/bootloader_support\libbootloader_support.a(flash_partitions.o)
 .debug_frame   0x000003dc       0x74 C:/esp/Lab1_hello_world/build/bootloader/bootloader_support\libbootloader_support.a(bootloader_common.o)
 .debug_frame   0x00000450       0xdc C:/esp/Lab1_hello_world/build/bootloader/bootloader_support\libbootloader_support.a(bootloader_flash.o)
 .debug_frame   0x0000052c      0x350 C:/esp/Lab1_hello_world/build/bootloader/spi_flash\libspi_flash.a(spi_flash.o)
 .debug_frame   0x0000087c      0x16c C:/esp/Lab1_hello_world/build/bootloader/spi_flash\libspi_flash.a(spi_flash_raw.o)
 .debug_frame   0x000009e8       0x58 C:/esp/Lab1_hello_world/build/bootloader/log\liblog.a(log.o)
 .debug_frame   0x00000a40       0x80 C:/esp/Lab1_hello_world/build/bootloader/esp8266\libesp8266.a(ets_printf.o)
 .debug_frame   0x00000ac0       0x40 C:/esp/Lab1_hello_world/build/bootloader/esp8266\libesp8266.a(crc.o)

.debug_info     0x00000000     0xc6d4
 .debug_info    0x00000000      0xd7f C:/esp/Lab1_hello_world/build/bootloader/main\libmain.a(bootloader_start.o)
 .debug_info    0x00000d7f      0xe3c C:/esp/Lab1_hello_world/build/bootloader/bootloader_support\libbootloader_support.a(bootloader_init.o)
 .debug_info    0x00001bbb     0x178d C:/esp/Lab1_hello_world/build/bootloader/bootloader_support\libbootloader_support.a(bootloader_utility.o)
 .debug_info    0x00003348     0x16ca C:/esp/Lab1_hello_world/build/bootloader/bootloader_support\libbootloader_support.a(esp_image_format.o)
 .debug_info    0x00004a12      0xca5 C:/esp/Lab1_hello_world/build/bootloader/bootloader_support\libbootloader_support.a(flash_partitions.o)
 .debug_info    0x000056b7     0x12b3 C:/esp/Lab1_hello_world/build/bootloader/bootloader_support\libbootloader_support.a(bootloader_common.o)
 .debug_info    0x0000696a      0xe3a C:/esp/Lab1_hello_world/build/bootloader/bootloader_support\libbootloader_support.a(bootloader_flash.o)
 .debug_info    0x000077a4     0x1e00 C:/esp/Lab1_hello_world/build/bootloader/spi_flash\libspi_flash.a(spi_flash.o)
 .debug_info    0x000095a4     0x10c9 C:/esp/Lab1_hello_world/build/bootloader/spi_flash\libspi_flash.a(spi_flash_raw.o)
 .debug_info    0x0000a66d     0x12ba C:/esp/Lab1_hello_world/build/bootloader/log\liblog.a(log.o)
 .debug_info    0x0000b927      0xb66 C:/esp/Lab1_hello_world/build/bootloader/esp8266\libesp8266.a(ets_printf.o)
 .debug_info    0x0000c48d      0x247 C:/esp/Lab1_hello_world/build/bootloader/esp8266\libesp8266.a(crc.o)

.debug_abbrev   0x00000000     0x2160
 .debug_abbrev  0x00000000      0x2a2 C:/esp/Lab1_hello_world/build/bootloader/main\libmain.a(bootloader_start.o)
 .debug_abbrev  0x000002a2      0x2e3 C:/esp/Lab1_hello_world/build/bootloader/bootloader_support\libbootloader_support.a(bootloader_init.o)
 .debug_abbrev  0x00000585      0x355 C:/esp/Lab1_hello_world/build/bootloader/bootloader_support\libbootloader_support.a(bootloader_utility.o)
 .debug_abbrev  0x000008da      0x316 C:/esp/Lab1_hello_world/build/bootloader/bootloader_support\libbootloader_support.a(esp_image_format.o)
 .debug_abbrev  0x00000bf0      0x271 C:/esp/Lab1_hello_world/build/bootloader/bootloader_support\libbootloader_support.a(flash_partitions.o)
 .debug_abbrev  0x00000e61      0x2c7 C:/esp/Lab1_hello_world/build/bootloader/bootloader_support\libbootloader_support.a(bootloader_common.o)
 .debug_abbrev  0x00001128      0x2aa C:/esp/Lab1_hello_world/build/bootloader/bootloader_support\libbootloader_support.a(bootloader_flash.o)
 .debug_abbrev  0x000013d2      0x45b C:/esp/Lab1_hello_world/build/bootloader/spi_flash\libspi_flash.a(spi_flash.o)
 .debug_abbrev  0x0000182d      0x29d C:/esp/Lab1_hello_world/build/bootloader/spi_flash\libspi_flash.a(spi_flash_raw.o)
 .debug_abbrev  0x00001aca      0x315 C:/esp/Lab1_hello_world/build/bootloader/log\liblog.a(log.o)
 .debug_abbrev  0x00001ddf      0x2a2 C:/esp/Lab1_hello_world/build/bootloader/esp8266\libesp8266.a(ets_printf.o)
 .debug_abbrev  0x00002081       0xdf C:/esp/Lab1_hello_world/build/bootloader/esp8266\libesp8266.a(crc.o)

.debug_loc      0x00000000     0x368e
 .debug_loc     0x00000000       0x9b C:/esp/Lab1_hello_world/build/bootloader/main\libmain.a(bootloader_start.o)
 .debug_loc     0x0000009b       0xbc C:/esp/Lab1_hello_world/build/bootloader/bootloader_support\libbootloader_support.a(bootloader_init.o)
 .debug_loc     0x00000157      0x717 C:/esp/Lab1_hello_world/build/bootloader/bootloader_support\libbootloader_support.a(bootloader_utility.o)
 .debug_loc     0x0000086e      0xb53 C:/esp/Lab1_hello_world/build/bootloader/bootloader_support\libbootloader_support.a(esp_image_format.o)
 .debug_loc     0x000013c1      0x11a C:/esp/Lab1_hello_world/build/bootloader/bootloader_support\libbootloader_support.a(flash_partitions.o)
 .debug_loc     0x000014db      0x18f C:/esp/Lab1_hello_world/build/bootloader/bootloader_support\libbootloader_support.a(bootloader_common.o)
 .debug_loc     0x0000166a      0x427 C:/esp/Lab1_hello_world/build/bootloader/bootloader_support\libbootloader_support.a(bootloader_flash.o)
 .debug_loc     0x00001a91     0x11dd C:/esp/Lab1_hello_world/build/bootloader/spi_flash\libspi_flash.a(spi_flash.o)
 .debug_loc     0x00002c6e      0x668 C:/esp/Lab1_hello_world/build/bootloader/spi_flash\libspi_flash.a(spi_flash_raw.o)
 .debug_loc     0x000032d6      0x119 C:/esp/Lab1_hello_world/build/bootloader/log\liblog.a(log.o)
 .debug_loc     0x000033ef       0xe9 C:/esp/Lab1_hello_world/build/bootloader/esp8266\libesp8266.a(ets_printf.o)
 .debug_loc     0x000034d8      0x1b6 C:/esp/Lab1_hello_world/build/bootloader/esp8266\libesp8266.a(crc.o)

.debug_aranges  0x00000000      0x3b0
 .debug_aranges
                0x00000000       0x30 C:/esp/Lab1_hello_world/build/bootloader/main\libmain.a(bootloader_start.o)
 .debug_aranges
                0x00000030       0x40 C:/esp/Lab1_hello_world/build/bootloader/bootloader_support\libbootloader_support.a(bootloader_init.o)
 .debug_aranges
                0x00000070       0x60 C:/esp/Lab1_hello_world/build/bootloader/bootloader_support\libbootloader_support.a(bootloader_utility.o)
 .debug_aranges
                0x000000d0       0x60 C:/esp/Lab1_hello_world/build/bootloader/bootloader_support\libbootloader_support.a(esp_image_format.o)
 .debug_aranges
                0x00000130       0x20 C:/esp/Lab1_hello_world/build/bootloader/bootloader_support\libbootloader_support.a(flash_partitions.o)
 .debug_aranges
                0x00000150       0x30 C:/esp/Lab1_hello_world/build/bootloader/bootloader_support\libbootloader_support.a(bootloader_common.o)
 .debug_aranges
                0x00000180       0x48 C:/esp/Lab1_hello_world/build/bootloader/bootloader_support\libbootloader_support.a(bootloader_flash.o)
 .debug_aranges
                0x000001c8       0xe8 C:/esp/Lab1_hello_world/build/bootloader/spi_flash\libspi_flash.a(spi_flash.o)
 .debug_aranges
                0x000002b0       0x70 C:/esp/Lab1_hello_world/build/bootloader/spi_flash\libspi_flash.a(spi_flash_raw.o)
 .debug_aranges
                0x00000320       0x28 C:/esp/Lab1_hello_world/build/bootloader/log\liblog.a(log.o)
 .debug_aranges
                0x00000348       0x38 C:/esp/Lab1_hello_world/build/bootloader/esp8266\libesp8266.a(ets_printf.o)
 .debug_aranges
                0x00000380       0x30 C:/esp/Lab1_hello_world/build/bootloader/esp8266\libesp8266.a(crc.o)

.debug_ranges   0x00000000      0x320
 .debug_ranges  0x00000000       0x20 C:/esp/Lab1_hello_world/build/bootloader/main\libmain.a(bootloader_start.o)
 .debug_ranges  0x00000020       0x30 C:/esp/Lab1_hello_world/build/bootloader/bootloader_support\libbootloader_support.a(bootloader_init.o)
 .debug_ranges  0x00000050       0x50 C:/esp/Lab1_hello_world/build/bootloader/bootloader_support\libbootloader_support.a(bootloader_utility.o)
 .debug_ranges  0x000000a0       0x68 C:/esp/Lab1_hello_world/build/bootloader/bootloader_support\libbootloader_support.a(esp_image_format.o)
 .debug_ranges  0x00000108       0x10 C:/esp/Lab1_hello_world/build/bootloader/bootloader_support\libbootloader_support.a(flash_partitions.o)
 .debug_ranges  0x00000118       0x20 C:/esp/Lab1_hello_world/build/bootloader/bootloader_support\libbootloader_support.a(bootloader_common.o)
 .debug_ranges  0x00000138       0x38 C:/esp/Lab1_hello_world/build/bootloader/bootloader_support\libbootloader_support.a(bootloader_flash.o)
 .debug_ranges  0x00000170       0xf0 C:/esp/Lab1_hello_world/build/bootloader/spi_flash\libspi_flash.a(spi_flash.o)
 .debug_ranges  0x00000260       0x60 C:/esp/Lab1_hello_world/build/bootloader/spi_flash\libspi_flash.a(spi_flash_raw.o)
 .debug_ranges  0x000002c0       0x18 C:/esp/Lab1_hello_world/build/bootloader/log\liblog.a(log.o)
 .debug_ranges  0x000002d8       0x28 C:/esp/Lab1_hello_world/build/bootloader/esp8266\libesp8266.a(ets_printf.o)
 .debug_ranges  0x00000300       0x20 C:/esp/Lab1_hello_world/build/bootloader/esp8266\libesp8266.a(crc.o)

.debug_line     0x00000000     0x811c
 .debug_line    0x00000000      0x55a C:/esp/Lab1_hello_world/build/bootloader/main\libmain.a(bootloader_start.o)
 .debug_line    0x0000055a      0x7cf C:/esp/Lab1_hello_world/build/bootloader/bootloader_support\libbootloader_support.a(bootloader_init.o)
 .debug_line    0x00000d29     0x136f C:/esp/Lab1_hello_world/build/bootloader/bootloader_support\libbootloader_support.a(bootloader_utility.o)
 .debug_line    0x00002098     0x1289 C:/esp/Lab1_hello_world/build/bootloader/bootloader_support\libbootloader_support.a(esp_image_format.o)
 .debug_line    0x00003321      0x635 C:/esp/Lab1_hello_world/build/bootloader/bootloader_support\libbootloader_support.a(flash_partitions.o)
 .debug_line    0x00003956      0x60c C:/esp/Lab1_hello_world/build/bootloader/bootloader_support\libbootloader_support.a(bootloader_common.o)
 .debug_line    0x00003f62      0x895 C:/esp/Lab1_hello_world/build/bootloader/bootloader_support\libbootloader_support.a(bootloader_flash.o)
 .debug_line    0x000047f7     0x1f1b C:/esp/Lab1_hello_world/build/bootloader/spi_flash\libspi_flash.a(spi_flash.o)
 .debug_line    0x00006712      0xc18 C:/esp/Lab1_hello_world/build/bootloader/spi_flash\libspi_flash.a(spi_flash_raw.o)
 .debug_line    0x0000732a      0x597 C:/esp/Lab1_hello_world/build/bootloader/log\liblog.a(log.o)
 .debug_line    0x000078c1      0x498 C:/esp/Lab1_hello_world/build/bootloader/esp8266\libesp8266.a(ets_printf.o)
 .debug_line    0x00007d59      0x3c3 C:/esp/Lab1_hello_world/build/bootloader/esp8266\libesp8266.a(crc.o)

.debug_str      0x00000000     0x24bc
 .debug_str     0x00000000      0x814 C:/esp/Lab1_hello_world/build/bootloader/main\libmain.a(bootloader_start.o)
                                0x8e9 (size before relaxing)
 .debug_str     0x00000814      0x357 C:/esp/Lab1_hello_world/build/bootloader/bootloader_support\libbootloader_support.a(bootloader_init.o)
                                0xa20 (size before relaxing)
 .debug_str     0x00000b6b      0x2dc C:/esp/Lab1_hello_world/build/bootloader/bootloader_support\libbootloader_support.a(bootloader_utility.o)
                                0xb9e (size before relaxing)
 .debug_str     0x00000e47      0x1c8 C:/esp/Lab1_hello_world/build/bootloader/bootloader_support\libbootloader_support.a(esp_image_format.o)
                                0xb8c (size before relaxing)
 .debug_str     0x0000100f       0x77 C:/esp/Lab1_hello_world/build/bootloader/bootloader_support\libbootloader_support.a(flash_partitions.o)
                                0x7ba (size before relaxing)
 .debug_str     0x00001086      0xaaf C:/esp/Lab1_hello_world/build/bootloader/bootloader_support\libbootloader_support.a(bootloader_common.o)
                               0x10cc (size before relaxing)
 .debug_str     0x00001b35      0x129 C:/esp/Lab1_hello_world/build/bootloader/bootloader_support\libbootloader_support.a(bootloader_flash.o)
                                0x7a2 (size before relaxing)
 .debug_str     0x00001c5e      0x51e C:/esp/Lab1_hello_world/build/bootloader/spi_flash\libspi_flash.a(spi_flash.o)
                                0xd24 (size before relaxing)
 .debug_str     0x0000217c      0x11f C:/esp/Lab1_hello_world/build/bootloader/spi_flash\libspi_flash.a(spi_flash_raw.o)
                                0x8cc (size before relaxing)
 .debug_str     0x0000229b      0x110 C:/esp/Lab1_hello_world/build/bootloader/log\liblog.a(log.o)
                               0x1035 (size before relaxing)
 .debug_str     0x000023ab       0x9b C:/esp/Lab1_hello_world/build/bootloader/esp8266\libesp8266.a(ets_printf.o)
                                0x69a (size before relaxing)
 .debug_str     0x00002446       0x76 C:/esp/Lab1_hello_world/build/bootloader/esp8266\libesp8266.a(crc.o)
                                0x1c2 (size before relaxing)

.comment        0x00000000       0x6b
 .comment       0x00000000       0x31 C:/esp/Lab1_hello_world/build/bootloader/main\libmain.a(bootloader_start.o)
                                 0x32 (size before relaxing)
 .comment       0x00000031       0x32 C:/esp/Lab1_hello_world/build/bootloader/bootloader_support\libbootloader_support.a(bootloader_init.o)
 .comment       0x00000031       0x32 C:/esp/Lab1_hello_world/build/bootloader/bootloader_support\libbootloader_support.a(bootloader_utility.o)
 .comment       0x00000031       0x32 C:/esp/Lab1_hello_world/build/bootloader/bootloader_support\libbootloader_support.a(esp_image_format.o)
 .comment       0x00000031       0x32 C:/esp/Lab1_hello_world/build/bootloader/bootloader_support\libbootloader_support.a(flash_partitions.o)
 .comment       0x00000031       0x32 C:/esp/Lab1_hello_world/build/bootloader/bootloader_support\libbootloader_support.a(bootloader_common.o)
 .comment       0x00000031       0x32 C:/esp/Lab1_hello_world/build/bootloader/bootloader_support\libbootloader_support.a(bootloader_flash.o)
 .comment       0x00000031       0x32 C:/esp/Lab1_hello_world/build/bootloader/spi_flash\libspi_flash.a(spi_flash.o)
 .comment       0x00000031       0x32 C:/esp/Lab1_hello_world/build/bootloader/spi_flash\libspi_flash.a(spi_flash_raw.o)
 .comment       0x00000031       0x32 C:/esp/Lab1_hello_world/build/bootloader/log\liblog.a(log.o)
 .comment       0x00000031       0x32 C:/esp/Lab1_hello_world/build/bootloader/esp8266\libesp8266.a(ets_printf.o)
 .comment       0x00000031       0x32 C:/esp/Lab1_hello_world/build/bootloader/esp8266\libesp8266.a(crc.o)
 .comment       0x00000031       0x3a C:/esp/ESP8266_RTOS_SDK/components/esp8266/lib\libcore.a(phy.o)
                                 0x3b (size before relaxing)
 .comment       0x0000006b       0x3b C:/esp/ESP8266_RTOS_SDK/components/esp8266/lib\libcore.a(uart.o)

.xtensa.info    0x00000000       0x38
 .xtensa.info   0x00000000       0x38 C:/esp/Lab1_hello_world/build/bootloader/main\libmain.a(bootloader_start.o)
 .xtensa.info   0x00000038        0x0 C:/esp/Lab1_hello_world/build/bootloader/bootloader_support\libbootloader_support.a(bootloader_init.o)
 .xtensa.info   0x00000038        0x0 C:/esp/Lab1_hello_world/build/bootloader/bootloader_support\libbootloader_support.a(bootloader_utility.o)
 .xtensa.info   0x00000038        0x0 C:/esp/Lab1_hello_world/build/bootloader/bootloader_support\libbootloader_support.a(esp_image_format.o)
 .xtensa.info   0x00000038        0x0 C:/esp/Lab1_hello_world/build/bootloader/bootloader_support\libbootloader_support.a(flash_partitions.o)
 .xtensa.info   0x00000038        0x0 C:/esp/Lab1_hello_world/build/bootloader/bootloader_support\libbootloader_support.a(bootloader_common.o)
 .xtensa.info   0x00000038        0x0 C:/esp/Lab1_hello_world/build/bootloader/bootloader_support\libbootloader_support.a(bootloader_flash.o)
 .xtensa.info   0x00000038        0x0 C:/esp/Lab1_hello_world/build/bootloader/spi_flash\libspi_flash.a(spi_flash.o)
 .xtensa.info   0x00000038        0x0 C:/esp/Lab1_hello_world/build/bootloader/spi_flash\libspi_flash.a(spi_flash_raw.o)
 .xtensa.info   0x00000038        0x0 C:/esp/Lab1_hello_world/build/bootloader/log\liblog.a(log.o)
 .xtensa.info   0x00000038        0x0 C:/esp/Lab1_hello_world/build/bootloader/esp8266\libesp8266.a(ets_printf.o)
 .xtensa.info   0x00000038        0x0 C:/esp/Lab1_hello_world/build/bootloader/esp8266\libesp8266.a(crc.o)
 .xtensa.info   0x00000038        0x0 C:/esp/Lab1_hello_world/build/bootloader/esp8266\libesp8266.a(esp_fast_boot.o)
 .xtensa.info   0x00000038        0x0 C:/esp/ESP8266_RTOS_SDK/components/esp8266/lib\libcore.a(phy.o)
 .xtensa.info   0x00000038        0x0 C:/esp/ESP8266_RTOS_SDK/components/esp8266/lib\libcore.a(uart.o)
